\BOOKMARK [1][-]{section.1}{\376\377\000A\000b\000s\000t\000r\000a\000c\000t}{}% 1
\BOOKMARK [1][-]{section.2}{\376\377\003\230\003\265\003\311\003\301\003\257\003\261\000\040\040\024\000\040\003\222\003\261\003\303\003\271\003\272\003\255\003\302\000\040\003\303\003\307\003\255\003\303\003\265\003\271\003\302}{}% 2
\BOOKMARK [2][-]{subsubsection.2.0.1}{\376\377\003\223\003\272\003\261\003\277\003\305\003\303\003\271\003\261\003\275\003\314\000\040\003\246\003\257\003\273\003\304\003\301\003\277\000\040\000\050\0001\000D\000\040\000K\000e\000r\000n\000e\000l\000\051}{section.2}% 3
\BOOKMARK [3][-]{subsubsection.2.0.2}{\376\377\003\234\003\265\003\257\003\311\003\303\003\267\000\040\000\050\000R\000e\000d\000u\000c\000e\000\040\000/\000\040\000D\000o\000w\000n\000s\000a\000m\000p\000l\000i\000n\000g\000\051}{subsubsection.2.0.1}% 4
\BOOKMARK [3][-]{subsubsection.2.0.3}{\376\377\003\221\003\275\003\254\003\300\003\304\003\305\003\276\003\267\000\040\000\050\000E\000x\000p\000a\000n\000d\000\040\000/\000\040\000U\000p\000s\000a\000m\000p\000l\000i\000n\000g\000\051}{subsubsection.2.0.1}% 5
\BOOKMARK [3][-]{subsubsection.2.0.4}{\376\377\000L\000a\000p\000l\000a\000c\000i\000a\000n\000\040\003\225\003\300\003\257\003\300\003\265\003\264\003\277}{subsubsection.2.0.1}% 6
\BOOKMARK [3][-]{subsubsection.2.0.5}{\376\377\003\221\003\275\003\261\003\272\003\261\003\304\003\261\003\303\003\272\003\265\003\305\003\256\000\040\000\050\000R\000e\000c\000o\000n\000s\000t\000r\000u\000c\000t\000i\000o\000n\000\051}{subsubsection.2.0.1}% 7
\BOOKMARK [3][-]{subsubsection.2.0.6}{\376\377\000B\000l\000e\000n\000d\000i\000n\000g\000\040\003\225\003\271\003\272\003\314\003\275\003\311\003\275}{subsubsection.2.0.1}% 8
\BOOKMARK [3][-]{subsubsection.2.0.7}{\376\377\003\243\003\307\003\255\003\303\003\265\003\271\003\302\000\040\003\274\003\265\003\304\003\261\003\276\003\315\000\040\003\225\003\276\003\271\003\303\003\316\003\303\003\265\003\311\003\275}{subsubsection.2.0.1}% 9
\BOOKMARK [1][-]{section.3}{\376\377\003\234\003\255\003\301\003\277\003\302\000\040\003\221\000\040\040\024\000\040\003\240\003\305\003\301\003\261\003\274\003\271\003\264\003\271\003\272\003\255\003\302\000\040\003\261\003\275\003\261\003\300\003\261\003\301\003\261\003\303\003\304\003\254\003\303\003\265\003\271\003\302\000\040\003\303\003\265\000\040\0001\000D\000\040}{}% 10
\BOOKMARK [2][-]{subsection.3.1}{\376\377\003\221\0001\000:\000\040\003\225\003\300\003\271\003\262\003\265\003\262\003\261\003\257\003\311\003\303\003\267\000\040\000G\000a\000u\000s\000s\000i\000a\000n\000\040\003\240\003\305\003\301\003\256\003\275\003\261}{section.3}% 11
\BOOKMARK [2][-]{subsection.3.2}{\376\377\003\221\0002\000:\000\040\003\245\003\273\003\277\003\300\003\277\003\257\003\267\003\303\003\267\000\040\0001\000D\000\040\000G\000a\000u\000s\000s\000i\000a\000n\000\040\003\240\003\305\003\301\003\261\003\274\003\257\003\264\003\261\003\302}{section.3}% 12
\BOOKMARK [2][-]{subsection.3.3}{\376\377\000A\0003\000:\000\040\003\221\003\300\003\314\000\040\000G\000a\000u\000s\000s\000i\000a\000n\000\040\003\303\003\265\000\040\000L\000a\000p\000l\000a\000c\000i\000a\000n\000\040\003\272\003\261\003\271\000\040\003\221\003\275\003\261\003\272\003\261\003\304\003\261\003\303\003\272\003\265\003\305\003\256\000\040\000\050\0001\000D\000\051}{section.3}% 13
\BOOKMARK [3][-]{subsubsection.3.3.1}{\376\377\003\232\003\261\003\304\003\261\003\303\003\272\003\265\003\305\003\256\000\040\000L\000a\000p\000l\000a\000c\000i\000a\000n\000\040\003\240\003\305\003\301\003\261\003\274\003\257\003\264\003\261\003\302}{subsection.3.3}% 14
\BOOKMARK [3][-]{subsubsection.3.3.2}{\376\377\003\221\003\275\003\261\003\272\003\261\003\304\003\261\003\303\003\272\003\265\003\305\003\256\000\040\003\304\003\277\003\305\000\040\003\221\003\301\003\307\003\271\003\272\003\277\003\315\000\040\003\243\003\256\003\274\003\261\003\304\003\277\003\302}{subsection.3.3}% 15
\BOOKMARK [3][-]{subsubsection.3.3.3}{\376\377\003\245\003\273\003\277\003\300\003\277\003\257\003\267\003\303\003\267}{subsection.3.3}% 16
\BOOKMARK [3][-]{subsubsection.3.3.4}{\376\377\003\225\003\276\003\256\003\263\003\267\003\303\003\267\000\040\003\304\003\311\003\275\000\040\000P\000l\000o\000t\000s}{subsection.3.3}% 17
\BOOKMARK [2][-]{subsection.3.4}{\376\377\000A\0004\000\040\040\024\000\040\003\234\003\265\003\273\003\255\003\304\003\267\000\040\000T\000o\000o\000l\000b\000o\000x\000\040\003\240\003\305\003\301\003\261\003\274\003\257\003\264\003\311\003\275\000\040\000M\000A\000T\000L\000A\000B}{section.3}% 18
\BOOKMARK [1][-]{section.4}{\376\377\003\234\003\255\003\301\003\277\003\302\000\040\003\222\000\040\040\024\000\040\000I\000m\000a\000g\000e\000\040\000B\000l\000e\000n\000d\000i\000n\000g\000\040\000\046\000\040\003\243\003\305\003\301\003\301\003\261\003\306\003\256}{}% 19
\BOOKMARK [2][-]{subsection.4.1}{\376\377\000B\0001\000.\000\040\003\243\003\305\003\301\003\301\003\261\003\306\003\256\000\040\000a\000p\000p\000l\000e\000.\000j\000p\000g\000\040\000\046\000\040\000o\000r\000a\000n\000g\000e\000.\000j\000p\000g}{section.4}% 20
\BOOKMARK [3][-]{subsubsection.4.1.1}{\376\377\0002\000.\000\040\000G\000a\000u\000s\000s\000i\000a\000n\000\040\000P\000y\000r\000a\000m\000i\000d\000\040\003\304\003\267\003\302\000\040\003\274\003\254\003\303\003\272\003\261\003\302}{subsection.4.1}% 21
\BOOKMARK [3][-]{subsubsection.4.1.2}{\376\377\0003\000.\000\040\000L\000a\000p\000l\000a\000c\000i\000a\000n\000\040\000P\000y\000r\000a\000m\000i\000d\000\040\003\304\003\311\003\275\000\040\003\265\003\271\003\272\003\314\003\275\003\311\003\275\000\040}{subsection.4.1}% 22
\BOOKMARK [3][-]{subsubsection.4.1.3}{\376\377\0004\000.\000\040\000B\000l\000e\000n\000d\000e\000d\000\040\000P\000y\000r\000a\000m\000i\000d\000\040\000\050\000B\000\051}{subsection.4.1}% 23
\BOOKMARK [3][-]{subsubsection.4.1.4}{\376\377\0005\000.\000\040\003\221\003\275\003\261\003\272\003\261\003\304\003\261\003\303\003\272\003\265\003\305\003\256\000\040\003\304\003\265\003\273\003\271\003\272\003\256\003\302\000\040\003\265\003\271\003\272\003\314\003\275\003\261\003\302}{subsection.4.1}% 24
\BOOKMARK [2][-]{subsection.4.2}{\376\377\003\243\003\305\003\301\003\301\003\261\003\306\003\256\000\040\000w\000o\000m\000a\000n\000.\000p\000n\000g\000\040\000\046\000\040\000h\000a\000n\000d\000.\000p\000n\000g}{section.4}% 25
\BOOKMARK [3][-]{subsubsection.4.2.1}{\376\377\0001\000.\000\040\003\225\003\300\003\271\003\273\003\277\003\263\003\256\000\040\003\274\003\254\003\303\003\272\003\261\003\302}{subsection.4.2}% 26
\BOOKMARK [3][-]{subsubsection.4.2.2}{\376\377\0002\000.\000\040\003\225\003\300\003\257\003\264\003\301\003\261\003\303\003\267\000\040\003\304\003\267\003\302\000\040\003\274\003\254\003\303\003\272\003\261\003\302\000\040\003\272\003\261\003\271\000\040\000b\000l\000e\000n\000d\000i\000n\000g}{subsection.4.2}% 27
\BOOKMARK [3][-]{subsubsection.4.2.3}{\376\377\0003\000.\000\040\000F\000e\000a\000t\000h\000e\000r\000e\000d\000\040\000e\000d\000g\000e\000\040\000b\000l\000e\000n\000d\000i\000n\000g\000\040\000\046\000\040\003\221\003\275\003\261\003\272\003\261\003\304\003\261\003\303\003\272\003\265\003\305\003\256\000\040\003\304\003\265\003\273\003\271\003\272\003\256\003\302\000\040\003\265\003\271\003\272\003\314\003\275\003\261\003\302}{subsection.4.2}% 28
\BOOKMARK [2][-]{subsection.4.3}{\376\377\003\224\003\267\003\274\003\271\003\277\003\305\003\301\003\263\003\257\003\261\000\040\003\243\003\315\003\275\003\270\003\265\003\303\003\267\003\302\000\040\003\300\003\277\003\273\003\273\003\316\003\275\000\040\003\265\003\271\003\272\003\314\003\275\003\311\003\275}{section.4}% 29
\BOOKMARK [3][-]{subsubsection.4.3.1}{\376\377\003\225\003\300\003\271\003\273\003\277\003\263\003\256\000\040\003\272\003\261\003\271\000\040\003\304\003\277\003\300\003\277\003\270\003\255\003\304\003\267\003\303\003\267\000\040\003\261\003\275\003\304\003\271\003\272\003\265\003\271\003\274\003\255\003\275\003\311\003\275}{subsection.4.3}% 30
\BOOKMARK [3][-]{subsubsection.4.3.2}{\376\377\003\224\003\267\003\274\003\271\003\277\003\305\003\301\003\263\003\257\003\261\000\040\003\274\003\261\003\303\003\272\003\316\003\275\000\040\003\272\003\261\003\271\000\040\003\271\003\264\003\271\003\314\003\304\003\267\003\304\003\265\003\302}{subsection.4.3}% 31
\BOOKMARK [3][-]{subsubsection.4.3.3}{\376\377\003\224\003\267\003\274\003\271\003\277\003\305\003\301\003\263\003\257\003\261\000\040\003\300\003\305\003\301\003\261\003\274\003\257\003\264\003\311\003\275\000\040\003\272\003\261\003\271\000\040\000b\000l\000e\000n\000d\000i\000n\000g}{subsection.4.3}% 32
\BOOKMARK [1][-]{section.5}{\376\377\003\234\003\255\003\301\003\277\003\302\000\040\003\224\000\040\040\024\000\040\000P\000S\000P\000N\000e\000t\000:\000\040\000S\000e\000m\000a\000n\000t\000i\000c\000\040\000S\000e\000g\000m\000e\000n\000t\000a\000t\000i\000o\000n\000\040\000E\000v\000a\000l\000u\000a\000t\000i\000o\000n}{}% 33
\BOOKMARK [2][-]{subsection.5.1}{\376\377\003\244\003\271\000\040\003\265\003\257\003\275\003\261\003\271\000\040\003\304\003\277\000\040\000S\000e\000m\000a\000n\000t\000i\000c\000\040\000S\000e\000g\000m\000e\000n\000t\000a\000t\000i\000o\000n}{section.5}% 34
\BOOKMARK [2][-]{subsection.5.2}{\376\377\000D\000a\000t\000a\000s\000e\000t\000:\000\040\000C\000i\000t\000y\000s\000c\000a\000p\000e\000s}{section.5}% 35
\BOOKMARK [2][-]{subsection.5.3}{\376\377\003\244\003\271\000\040\003\265\003\257\003\275\003\261\003\271\000\040\003\304\003\277\000\040\000P\000S\000P\000N\000e\000t\000\040\000\050\000P\000y\000r\000a\000m\000i\000d\000\040\000S\000c\000e\000n\000e\000\040\000P\000a\000r\000s\000i\000n\000g\000\040\000N\000e\000t\000w\000o\000r\000k\000\051}{section.5}% 36
\BOOKMARK [2][-]{subsection.5.4}{\376\377\003\234\003\265\003\304\003\301\003\271\003\272\003\255\003\302\000\040\003\221\003\276\003\271\003\277\003\273\003\314\003\263\003\267\003\303\003\267\003\302}{section.5}% 37
\BOOKMARK [2][-]{subsection.5.5}{\376\377\003\243\003\304\003\261\003\304\003\271\003\303\003\304\003\271\003\272\003\254\000\040\003\261\003\275\003\254\000\040\003\272\003\273\003\254\003\303\003\267\000\040\003\272\003\261\003\271\000\040\003\261\003\275\003\254\000\040\003\265\003\271\003\272\003\314\003\275\003\261}{section.5}% 38
\BOOKMARK [3][-]{subsubsection.5.5.1}{\376\377\000P\000e\000r\000-\000c\000l\000a\000s\000s\000\040\000I\000o\000U\000\040\000\050\003\261\003\275\003\254\000\040\003\272\003\273\003\254\003\303\003\267\000\051}{subsection.5.5}% 39
\BOOKMARK [3][-]{subsubsection.5.5.2}{\376\377\000P\000e\000r\000-\000i\000m\000a\000g\000e\000\040\000I\000o\000U\000\040\000\050\003\261\003\275\003\254\000\040\003\265\003\271\003\272\003\314\003\275\003\261\000\051}{subsection.5.5}% 40
\BOOKMARK [2][-]{subsection.5.6}{\376\377\003\243\003\315\003\275\003\277\003\310\003\267\000\040\003\221\003\276\003\271\003\277\003\273\003\314\003\263\003\267\003\303\003\267\003\302\000\040\003\234\003\277\003\275\003\304\003\255\003\273\003\277\003\305}{section.5}% 41
\BOOKMARK [2][-]{subsection.5.7}{\376\377\003\221\003\275\003\254\003\273\003\305\003\303\003\267\000\040\003\221\003\300\003\277\003\304\003\265\003\273\003\265\003\303\003\274\003\254\003\304\003\311\003\275}{section.5}% 42
\BOOKMARK [3][-]{subsubsection.5.7.1}{\376\377\003\243\003\304\003\261\003\304\003\271\003\303\003\304\003\271\003\272\003\256\000\040\003\221\003\275\003\254\003\273\003\305\003\303\003\267}{subsection.5.7}% 43
\BOOKMARK [3][-]{subsubsection.5.7.2}{\376\377\000B\000e\000n\000c\000h\000m\000a\000r\000k\000i\000n\000g}{subsection.5.7}% 44
\BOOKMARK [3][-]{subsubsection.5.7.3}{\376\377\003\237\003\300\003\304\003\271\003\272\003\277\003\300\003\277\003\257\003\267\003\303\003\267}{subsection.5.7}% 45
