\BOOKMARK [1][-]{section.1}{\376\377\000A\000b\000s\000t\000r\000a\000c\000t}{}% 1
\BOOKMARK [1][-]{section.2}{\376\377\003\230\003\265\003\311\003\301\003\257\003\261}{}% 2
\BOOKMARK [2][-]{subsection.2.1}{\376\377\000P\000r\000i\000n\000c\000i\000p\000a\000l\000\040\000C\000o\000m\000p\000o\000n\000e\000n\000t\000\040\000A\000n\000a\000l\000y\000s\000i\000s}{section.2}% 3
\BOOKMARK [3][-]{subsubsection.2.1.1}{\376\377\000D\000a\000t\000a\000\040\000C\000e\000n\000t\000e\000r\000i\000n\000g}{subsection.2.1}% 4
\BOOKMARK [3][-]{subsubsection.2.1.2}{\376\377\000C\000o\000v\000a\000r\000i\000a\000n\000c\000e\000\040\000M\000a\000t\000r\000i\000x}{subsection.2.1}% 5
\BOOKMARK [3][-]{subsubsection.2.1.3}{\376\377\000P\000r\000i\000n\000c\000i\000p\000a\000l\000\040\000C\000o\000m\000p\000o\000n\000e\000n\000t\000s}{subsection.2.1}% 6
\BOOKMARK [3][-]{subsubsection.2.1.4}{\376\377\000D\000i\000m\000e\000n\000s\000i\000o\000n\000a\000l\000i\000t\000y\000\040\000R\000e\000d\000u\000c\000t\000i\000o\000n}{subsection.2.1}% 7
\BOOKMARK [3][-]{subsubsection.2.1.5}{\376\377\000I\000m\000a\000g\000e\000\040\000R\000e\000c\000o\000n\000s\000t\000r\000u\000c\000t\000i\000o\000n}{subsection.2.1}% 8
\BOOKMARK [3][-]{subsubsection.2.1.6}{\376\377\000R\000e\000c\000o\000n\000s\000t\000r\000u\000c\000t\000i\000o\000n\000\040\000E\000r\000r\000o\000r}{subsection.2.1}% 9
\BOOKMARK [2][-]{subsection.2.2}{\376\377\000K\000e\000r\000n\000e\000l\000\040\000P\000C\000A}{section.2}% 10
\BOOKMARK [2][-]{subsection.2.3}{\376\377\000A\000u\000t\000o\000e\000n\000c\000o\000d\000e\000r\000s}{section.2}% 11
\BOOKMARK [3][-]{subsubsection.2.3.1}{\376\377\000E\000n\000c\000o\000d\000e\000r\000,\000\040\000L\000a\000t\000e\000n\000t\000\040\000S\000p\000a\000c\000e\000\040\000a\000n\000d\000\040\000D\000e\000c\000o\000d\000e\000r}{subsection.2.3}% 12
\BOOKMARK [3][-]{subsubsection.2.3.2}{\376\377\000R\000e\000c\000o\000n\000s\000t\000r\000u\000c\000t\000i\000o\000n\000\040\000L\000o\000s\000s}{subsection.2.3}% 13
\BOOKMARK [3][-]{subsubsection.2.3.3}{\376\377\000B\000i\000n\000a\000r\000y\000\040\000C\000r\000o\000s\000s\000\040\000E\000n\000t\000r\000o\000p\000y}{subsection.2.3}% 14
\BOOKMARK [3][-]{subsubsection.2.3.4}{\376\377\003\243\003\307\003\255\003\303\003\267\000\040\000L\000i\000n\000e\000a\000r\000\040\000A\000u\000t\000o\000e\000n\000c\000o\000d\000e\000r\000s\000\040\003\272\003\261\003\271\000\040\000P\000C\000A}{subsection.2.3}% 15
\BOOKMARK [1][-]{section.3}{\376\377\000P\000a\000r\000t\000\040\0001\000\040\040\024\000\040\000P\000r\000i\000n\000c\000i\000p\000a\000l\000\040\000C\000o\000m\000p\000o\000n\000e\000n\000t\000\040\000A\000n\000a\000l\000y\000s\000i\000s}{}% 16
\BOOKMARK [2][-]{subsection.3.1}{\376\377\003\245\003\273\003\277\003\300\003\277\003\257\003\267\003\303\003\267}{section.3}% 17
\BOOKMARK [3][-]{subsubsection.3.1.1}{\376\377\000D\000a\000t\000a\000s\000e\000t\000\040\000P\000r\000e\000p\000a\000r\000a\000t\000i\000o\000n}{subsection.3.1}% 18
\BOOKMARK [3][-]{subsubsection.3.1.2}{\376\377\000P\000C\000A\000\040\000f\000o\000r\000\040\000I\000n\000d\000i\000v\000i\000d\000u\000a\000l\000\040\000D\000i\000g\000i\000t\000s}{subsection.3.1}% 19
\BOOKMARK [3][-]{subsubsection.3.1.3}{\376\377\000G\000l\000o\000b\000a\000l\000\040\000P\000C\000A\000\040\000o\000n\000\040\000M\000N\000I\000S\000T}{subsection.3.1}% 20
\BOOKMARK [2][-]{subsection.3.2}{\376\377\003\221\003\300\003\277\003\304\003\265\003\273\003\255\003\303\003\274\003\261\003\304\003\261}{section.3}% 21
\BOOKMARK [3][-]{subsubsection.3.2.1}{\376\377\000D\000i\000g\000i\000t\000s\000\040\0008\000\040\000a\000n\000d\000\040\0000}{subsection.3.2}% 22
\BOOKMARK [3][-]{subsubsection.3.2.2}{\376\377\000G\000l\000o\000b\000a\000l\000\040\000P\000C\000A\000\040\000o\000n\000\040\000D\000a\000t\000a\000s\000e\000t}{subsection.3.2}% 23
\BOOKMARK [1][-]{section.4}{\376\377\000P\000a\000r\000t\000\040\0002\000\040\000-\000\040\000k\000e\000r\000n\000e\000l\000\040\000P\000C\000A}{}% 24
\BOOKMARK [2][-]{subsection.4.1}{\376\377\003\245\003\273\003\277\003\300\003\277\003\257\003\267\003\303\003\267}{section.4}% 25
\BOOKMARK [2][-]{subsection.4.2}{\376\377\003\221\003\300\003\277\003\304\003\265\003\273\003\255\003\303\003\274\003\261\003\304\003\261}{section.4}% 26
\BOOKMARK [3][-]{subsubsection.4.2.1}{\376\377\000P\000C\000A\000\040\000v\000s\000\040\000K\000P\000C\000A}{subsection.4.2}% 27
\BOOKMARK [1][-]{section.5}{\376\377\000P\000a\000r\000t\000\040\0003\000\040\000-\000\040\000A\000u\000t\000o\000e\000n\000c\000o\000d\000e\000r\000s}{}% 28
\BOOKMARK [2][-]{subsection.5.1}{\376\377\000L\000i\000n\000e\000a\000r\000\040\000A\000E}{section.5}% 29
\BOOKMARK [3][-]{subsubsection.5.1.1}{\376\377\003\245\003\273\003\277\003\300\003\277\003\257\003\267\003\303\003\267}{subsection.5.1}% 30
\BOOKMARK [3][-]{subsubsection.5.1.2}{\376\377\003\221\003\300\003\277\003\304\003\265\003\273\003\255\003\303\003\274\003\261\003\304\003\261}{subsection.5.1}% 31
\BOOKMARK [2][-]{subsection.5.2}{\376\377\000N\000o\000n\000l\000i\000n\000e\000a\000r\000\040\000A\000E}{section.5}% 32
\BOOKMARK [3][-]{subsubsection.5.2.1}{\376\377\003\245\003\273\003\277\003\300\003\277\003\257\003\267\003\303\003\267}{subsection.5.2}% 33
\BOOKMARK [3][-]{subsubsection.5.2.2}{\376\377\003\221\003\300\003\277\003\304\003\265\003\273\003\255\003\303\003\274\003\261\003\304\003\261}{subsection.5.2}% 34
\BOOKMARK [2][-]{subsection.5.3}{\376\377\000T\000i\000e\000d\000\040\000W\000e\000i\000g\000h\000t\000s\000\040\000A\000E}{section.5}% 35
\BOOKMARK [3][-]{subsubsection.5.3.1}{\376\377\003\245\003\273\003\277\003\300\003\277\003\257\003\267\003\303\003\267}{subsection.5.3}% 36
\BOOKMARK [3][-]{subsubsection.5.3.2}{\376\377\003\221\003\300\003\277\003\304\003\265\003\273\003\255\003\303\003\274\003\261\003\304\003\261}{subsection.5.3}% 37
\BOOKMARK [2][-]{subsection.5.4}{\376\377\000P\000s\000e\000u\000d\000o\000\040\000I\000n\000v\000e\000r\000s\000e\000\040\000A\000E}{section.5}% 38
\BOOKMARK [3][-]{subsubsection.5.4.1}{\376\377\003\245\003\273\003\277\003\300\003\277\003\257\003\267\003\303\003\267}{subsection.5.4}% 39
\BOOKMARK [3][-]{subsubsection.5.4.2}{\376\377\003\221\003\300\003\277\003\304\003\265\003\273\003\255\003\303\003\274\003\261\003\304\003\261}{subsection.5.4}% 40
\BOOKMARK [2][-]{subsection.5.5}{\376\377\003\244\003\265\003\273\003\271\003\272\003\256\000\040\003\243\003\315\003\263\003\272\003\301\003\271\003\303\003\267\000\040\003\304\003\311\003\275\000\040\000A\000u\000t\000o\000e\000n\000c\000o\000d\000e\000r\000s}{section.5}% 41
