\BOOKMARK [1][-]{section.1}{\376\377\000A\000b\000s\000t\000r\000a\000c\000t}{}% 1
\BOOKMARK [1][-]{section.2}{\376\377\003\221\003\273\003\263\003\314\003\301\003\271\003\270\003\274\003\277\003\302\000\040\000S\000I\000F\000T}{}% 2
\BOOKMARK [2][-]{subsection.2.1}{\376\377\003\244\003\261\000\040\003\244\003\255\003\303\003\303\003\265\003\301\003\261\000\040\003\243\003\304\003\254\003\264\003\271\003\261\000\040\003\304\003\277\003\305\000\040\003\221\003\273\003\263\003\277\003\301\003\257\003\270\003\274\003\277\003\305\000\040\000S\000I\000F\000T}{section.2}% 3
\BOOKMARK [2][-]{subsection.2.2}{\376\377\003\243\003\304\003\254\003\264\003\271\003\277\000\040\0001\000\040\000:\000\040\003\247\003\316\003\301\003\277\003\302\000\040\003\232\003\273\003\257\003\274\003\261\003\272\003\261\003\302\000\040\000\046\000\040\000D\000o\000G}{section.2}% 4
\BOOKMARK [2][-]{subsection.2.3}{\376\377\003\243\003\304\003\254\003\264\003\271\003\277\000\040\0002\000\040\000:\000\040\003\221\003\275\003\257\003\307\003\275\003\265\003\305\003\303\003\267\000\040\003\244\003\277\003\300\003\271\003\272\003\316\003\275\000\040\003\221\003\272\003\301\003\314\003\304\003\261\003\304\003\311\003\275}{section.2}% 5
\BOOKMARK [2][-]{subsection.2.4}{\376\377\003\243\003\304\003\254\003\264\003\271\003\277\000\040\0003\000\040\000:\000\040\003\246\003\271\003\273\003\304\003\301\003\254\003\301\003\271\003\303\003\274\003\261\000\040\003\272\003\261\003\271\000\040\003\225\003\275\003\304\003\314\003\300\003\271\003\303\003\267\000\040\000K\000e\000y\000p\000o\000i\000n\000t\000s}{section.2}% 6
\BOOKMARK [2][-]{subsection.2.5}{\376\377\003\243\003\304\003\254\003\264\003\271\003\277\000\040\0004\000\040\000:\000\040\003\224\003\271\003\314\003\301\003\270\003\311\003\303\003\267\000\040\003\232\003\261\003\304\003\265\003\315\003\270\003\305\003\275\003\303\003\267\003\302\000\040\000\046\000\040\000D\000e\000s\000c\000r\000i\000p\000t\000o\000r}{section.2}% 7
\BOOKMARK [1][-]{section.3}{\376\377\003\221\003\275\003\254\003\273\003\305\003\303\003\267\000\040\003\232\003\316\003\264\003\271\003\272\003\261}{}% 8
\BOOKMARK [2][-]{subsection.3.1}{\376\377\003\221\003\275\003\254\003\273\003\305\003\303\003\267\000\040\003\304\003\277\003\305\000\040\000S\000I\000F\000T\000\137\000f\000e\000a\000t\000u\000r\000e\000.\000m}{section.3}% 9
\BOOKMARK [3][-]{subsubsection.3.1.1}{\376\377\003\224\003\267\003\274\003\271\003\277\003\305\003\301\003\263\003\257\003\261\000\040\000S\000c\000a\000l\000e\000\040\000S\000p\000a\000c\000e\000\040\000\046\000\040\000D\000o\000G}{subsection.3.1}% 10
\BOOKMARK [3][-]{subsubsection.3.1.2}{\376\377\003\221\003\275\003\257\003\307\003\275\003\265\003\305\003\303\003\267\000\040\003\244\003\277\003\300\003\271\003\272\003\316\003\275\000\040\003\221\003\272\003\301\003\314\003\304\003\261\003\304\003\311\003\275}{subsection.3.1}% 11
\BOOKMARK [3][-]{subsubsection.3.1.3}{\376\377\003\246\003\271\003\273\003\304\003\301\003\254\003\301\003\271\003\303\003\274\003\261\000\040\003\272\003\261\003\271\000\040\003\225\003\275\003\304\003\314\003\300\003\271\003\303\003\267\000\040\000K\000e\000y\000p\000o\000i\000n\000t\000s}{subsection.3.1}% 12
\BOOKMARK [3][-]{subsubsection.3.1.4}{\376\377\003\224\003\271\003\314\003\301\003\270\003\311\003\303\003\267\000\040\003\232\003\261\003\304\003\265\003\315\003\270\003\305\003\275\003\303\003\267\003\302\000\040\000\046\000\040\000D\000e\000s\000c\000r\000i\000p\000t\000o\000r}{subsection.3.1}% 13
\BOOKMARK [2][-]{subsection.3.2}{\376\377\003\243\003\307\003\277\003\273\003\271\003\261\003\303\003\274\003\314\003\302\000\040\000S\000I\000F\000T\000\137\000f\000e\000a\000t\000u\000r\000e\000.\000m}{section.3}% 14
\BOOKMARK [3][-]{subsubsection.3.2.1}{\376\377\000P\000l\000o\000t\000\040\0001\000\040\040\023\000\040\000D\000o\000G\000\040\000P\000y\000r\000a\000m\000i\000d}{subsection.3.2}% 15
\BOOKMARK [3][-]{subsubsection.3.2.2}{\376\377\000P\000l\000o\000t\000\040\0002\000\040\040\023\000\040\003\221\003\301\003\307\003\271\003\272\003\256\000\040\003\265\003\271\003\272\003\314\003\275\003\261\000\040\000\046\000\040\000c\000a\000n\000d\000i\000d\000a\000t\000e\000\040\000k\000e\000y\000p\000o\000i\000n\000t\000s}{subsection.3.2}% 16
\BOOKMARK [3][-]{subsubsection.3.2.3}{\376\377\000P\000l\000o\000t\000\040\0003\000\040\040\023\000\040\003\244\003\265\003\273\003\271\003\272\003\254\000\040\000k\000e\000y\000p\000o\000i\000n\000t\000s\000\040\003\274\003\265\003\304\003\254\000\040\003\304\003\277\000\040\003\306\003\271\003\273\003\304\003\301\003\254\003\301\003\271\003\303\003\274\003\261}{subsection.3.2}% 17
\BOOKMARK [2][-]{subsection.3.3}{\376\377\003\221\003\301\003\271\003\270\003\274\003\314\003\302\000\040\003\225\003\300\003\271\003\300\003\255\003\264\003\311\003\275\000\040\003\221\003\275\003\254\000\040\003\237\003\272\003\304\003\254\003\262\003\261}{section.3}% 18
\BOOKMARK [2][-]{subsection.3.4}{\376\377\003\225\003\306\003\261\003\301\003\274\003\277\003\263\003\256\000\040\003\272\003\261\003\271\000\040\003\221\003\300\003\277\003\304\003\265\003\273\003\255\003\303\003\274\003\261\003\304\003\261\000\040\003\304\003\267\003\302\000\040\003\221\003\275\003\257\003\307\003\275\003\265\003\305\003\303\003\267\003\302\000\040\000S\000I\000F\000T}{section.3}% 19
\BOOKMARK [3][-]{subsubsection.3.4.1}{\376\377\003\240\003\265\003\301\003\271\003\263\003\301\003\261\003\306\003\256\000\040\003\265\003\271\003\272\003\314\003\275\003\311\003\275}{subsection.3.4}% 20
\BOOKMARK [3][-]{subsubsection.3.4.2}{\376\377\003\221\003\300\003\277\003\304\003\265\003\273\003\255\003\303\003\274\003\261\003\304\003\261\000\040\000S\000I\000F\000T}{subsection.3.4}% 21
\BOOKMARK [3][-]{subsubsection.3.4.3}{\376\377\003\243\003\307\003\277\003\273\003\271\003\261\003\303\003\274\003\314\003\302}{subsection.3.4}% 22
\BOOKMARK [1][-]{section.4}{\376\377\003\245\003\300\003\277\003\272\003\273\003\271\003\274\003\261\003\272\003\271\003\272\003\256\000\040\003\221\003\272\003\301\003\257\003\262\003\265\003\271\003\261}{}% 23
\BOOKMARK [2][-]{subsection.4.1}{\376\377\003\221\003\275\003\254\003\300\003\304\003\305\003\263\003\274\003\261\000\040\000T\000a\000y\000l\000o\000r\000\040\003\304\003\267\003\302\000\040\000D\000o\000G\000\040\003\303\003\304\003\277\003\275\000\040\003\247\003\316\003\301\003\277\000\040\003\232\003\273\003\257\003\274\003\261\003\272\003\261\003\302}{section.4}% 24
\BOOKMARK [2][-]{subsection.4.2}{\376\377\003\240\003\261\003\301\003\261\003\262\003\277\003\273\003\271\003\272\003\256\000\040\003\240\003\261\003\301\003\265\003\274\003\262\003\277\003\273\003\256}{section.4}% 25
\BOOKMARK [2][-]{subsection.4.3}{\376\377\003\243\003\315\003\263\003\272\003\301\003\271\003\303\003\267\000\040\003\234\003\265\003\270\003\314\003\264\003\311\003\275}{section.4}% 26
\BOOKMARK [1][-]{section.5}{\376\377\003\221\003\275\003\304\003\271\003\303\003\304\003\277\003\257\003\307\003\271\003\303\003\267\000\040\000\046\000\040\000R\000A\000N\000S\000A\000C}{}% 27
\BOOKMARK [2][-]{subsection.5.1}{\376\377\003\221\003\275\003\254\003\273\003\305\003\303\003\267\000\040\003\304\003\277\003\305\000\040\000S\000I\000F\000T\000\040\000\050\000s\000i\000f\000t\000.\000m\000\051}{section.5}% 28
\BOOKMARK [2][-]{subsection.5.2}{\376\377\000D\000e\000s\000c\000r\000i\000p\000t\000o\000r\000\040\000M\000a\000t\000c\000h\000i\000n\000g\000\040\000\050\000m\000a\000t\000c\000h\000i\000n\000g\000.\000m\000\051}{section.5}% 29
\BOOKMARK [3][-]{subsubsection.5.2.1}{\376\377\003\234\003\255\003\270\003\277\003\264\003\277\003\271\000\040\003\305\003\300\003\277\003\273\003\277\003\263\003\271\003\303\003\274\003\277\003\315\000\040\003\277\003\274\003\277\003\271\003\314\003\304\003\267\003\304\003\261\003\302\000\040}{subsection.5.2}% 30
\BOOKMARK [2][-]{subsection.5.3}{\376\377\000R\000A\000N\000S\000A\000C}{section.5}% 31
\BOOKMARK [3][-]{subsubsection.5.3.1}{\376\377\003\247\003\301\003\256\003\303\003\267\000\040\003\304\003\277\003\305\000\040\003\303\003\304\003\277\000\040\000S\000I\000F\000T\000\040\000M\000a\000t\000c\000h\000i\000n\000g}{subsection.5.3}% 32
\BOOKMARK [2][-]{subsection.5.4}{\376\377\003\240\003\265\003\271\003\301\003\254\003\274\003\261\003\304\003\261\000\040\003\221\003\300\003\277\003\304\003\265\003\273\003\265\003\303\003\274\003\254\003\304\003\311\003\275}{section.5}% 33
\BOOKMARK [3][-]{subsubsection.5.4.1}{\376\377\000I\000n\000v\000a\000r\000i\000a\000n\000c\000e\000\040\003\303\003\304\003\267\003\275\000\040\003\240\003\265\003\301\003\271\003\303\003\304\003\301\003\277\003\306\003\256\000\040\000\050\000R\000o\000t\000a\000t\000i\000o\000n\000\040\0001\0005\000\260\000\040\000\046\000\040\0004\0005\000\260\000\051}{subsection.5.4}% 34
\BOOKMARK [3][-]{subsubsection.5.4.2}{\376\377\000I\000n\000v\000a\000r\000i\000a\000n\000c\000e\000\040\003\303\003\304\003\267\003\275\000\040\003\232\003\273\003\257\003\274\003\261\003\272\003\261\000\040\000\050\000S\000c\000a\000l\000e\000\040\0003\000.\0005\000\051}{subsection.5.4}% 35
\BOOKMARK [3][-]{subsubsection.5.4.3}{\376\377\000I\000n\000v\000a\000r\000i\000a\000n\000c\000e\000\040\003\303\003\304\003\277\003\275\000\040\003\246\003\311\003\304\003\271\003\303\003\274\003\314\000\040\000\050\000B\000r\000i\000g\000h\000t\000n\000e\000s\000s\000\040\000+\0005\0000\000\051}{subsection.5.4}% 36
\BOOKMARK [3][-]{subsubsection.5.4.4}{\376\377\003\221\003\275\003\304\003\277\003\307\003\256\000\040\003\303\003\304\003\277\003\275\000\040\003\230\003\314\003\301\003\305\003\262\003\277\000\040\000\050\000G\000a\000u\000s\000s\000i\000a\000n\000\040\000N\000o\000i\000s\000e\000\040\0000\000.\0000\0001\000\051}{subsection.5.4}% 37
\BOOKMARK [1][-]{section.6}{\376\377\003\243\003\315\003\263\003\272\003\301\003\271\003\303\003\267\000\040\000\046\000\040\003\240\003\277\003\273\003\305\003\300\003\273\003\277\003\272\003\314\003\304\003\267\003\304\003\261}{}% 38
\BOOKMARK [2][-]{subsection.6.1}{\376\377\000S\000I\000F\000T\000\040\000v\000s\000\040\000G\000L\000O\000H\000\040\000v\000s\000\040\000S\000U\000R\000F}{section.6}% 39
\BOOKMARK [3][-]{subsubsection.6.1.1}{\376\377\000S\000I\000F\000T\000\040\000\050\000S\000c\000a\000l\000e\000-\000I\000n\000v\000a\000r\000i\000a\000n\000t\000\040\000F\000e\000a\000t\000u\000r\000e\000\040\000T\000r\000a\000n\000s\000f\000o\000r\000m\000\051}{subsection.6.1}% 40
\BOOKMARK [3][-]{subsubsection.6.1.2}{\376\377\000G\000L\000O\000H\000\040\000\050\000G\000r\000a\000d\000i\000e\000n\000t\000\040\000L\000o\000c\000a\000t\000i\000o\000n\000\040\000a\000n\000d\000\040\000O\000r\000i\000e\000n\000t\000a\000t\000i\000o\000n\000\040\000H\000i\000s\000t\000o\000g\000r\000a\000m\000\051}{subsection.6.1}% 41
\BOOKMARK [3][-]{subsubsection.6.1.3}{\376\377\000S\000U\000R\000F\000\040\000\050\000S\000p\000e\000e\000d\000e\000d\000-\000U\000p\000\040\000R\000o\000b\000u\000s\000t\000\040\000F\000e\000a\000t\000u\000r\000e\000s\000\051}{subsection.6.1}% 42
\BOOKMARK [2][-]{subsection.6.2}{\376\377\003\245\003\300\003\277\003\273\003\277\003\263\003\271\003\303\003\304\003\271\003\272\003\314\000\040\003\272\003\314\003\303\003\304\003\277\003\302}{section.6}% 43
\BOOKMARK [3][-]{subsubsection.6.2.1}{\376\377\000S\000I\000F\000T}{subsection.6.2}% 44
\BOOKMARK [3][-]{subsubsection.6.2.2}{\376\377\000G\000L\000O\000H}{subsection.6.2}% 45
\BOOKMARK [3][-]{subsubsection.6.2.3}{\376\377\000S\000U\000R\000F}{subsection.6.2}% 46
\BOOKMARK [2][-]{subsection.6.3}{\376\377\003\243\003\315\003\263\003\272\003\301\003\271\003\303\003\267\000\040\003\221\003\273\003\263\003\277\003\301\003\257\003\270\003\274\003\311\003\275}{section.6}% 47
