\BOOKMARK [1][-]{section.1}{\376\377\000A\000b\000s\000t\000r\000a\000c\000t}{}% 1
\BOOKMARK [1][-]{section.2}{\376\377\003\234\003\255\003\301\003\277\003\302\000\040\003\221\000\040\040\023\000\040\000I\000m\000a\000g\000e\000\040\000A\000l\000i\000g\000n\000m\000e\000n\000t}{}% 2
\BOOKMARK [2][-]{subsection.2.1}{\376\377\003\230\003\265\003\311\003\301\003\257\003\261}{section.2}% 3
\BOOKMARK [3][-]{subsubsection.2.1.1}{\376\377\000O\000p\000t\000i\000c\000a\000l\000\040\000F\000l\000o\000w}{subsection.2.1}% 4
\BOOKMARK [3][-]{subsubsection.2.1.2}{\376\377\000O\000p\000t\000i\000c\000a\000l\000\040\000F\000l\000o\000w\000\040\000C\000o\000n\000s\000t\000r\000a\000i\000n\000t\000\040\000E\000q\000u\000a\000t\000i\000o\000n}{subsection.2.1}% 5
\BOOKMARK [3][-]{subsubsection.2.1.3}{\376\377\000L\000u\000c\000a\000s\000-\000K\000a\000n\000a\000d\000e}{subsection.2.1}% 6
\BOOKMARK [3][-]{subsubsection.2.1.4}{\376\377\000E\000n\000h\000a\000n\000c\000e\000d\000\040\000C\000o\000r\000r\000e\000l\000a\000t\000i\000o\000n\000\040\000C\000o\000e\000f\000f\000i\000c\000i\000e\000n\000t}{subsection.2.1}% 7
\BOOKMARK [3][-]{subsubsection.2.1.5}{\376\377\003\234\003\265\003\304\003\301\003\271\003\272\003\255\003\302}{subsection.2.1}% 8
\BOOKMARK [3][-]{subsubsection.2.1.6}{\376\377\003\223\003\265\003\311\003\274\003\265\003\304\003\301\003\271\003\272\003\277\003\257\000\040\003\234\003\265\003\304\003\261\003\303\003\307\003\267\003\274\003\261\003\304\003\271\003\303\003\274\003\277\003\257}{subsection.2.1}% 9
\BOOKMARK [3][-]{subsubsection.2.1.7}{\376\377\003\224\003\271\003\261\003\304\003\315\003\300\003\311\003\303\003\267\000\040\003\304\003\277\003\305\000\040\003\240\003\301\003\277\003\262\003\273\003\256\003\274\003\261\003\304\003\277\003\302\000\040\000I\000m\000a\000g\000e\000\040\000A\000l\000i\000g\000n\000m\000e\000n\000t}{subsection.2.1}% 10
\BOOKMARK [3][-]{subsubsection.2.1.8}{\376\377\000I\000n\000v\000e\000r\000s\000e\000\040\000W\000a\000r\000p\000i\000n\000g\000\040\003\272\003\261\003\271\000\040\000B\000i\000l\000i\000n\000e\000a\000r\000\040\000I\000n\000t\000e\000r\000p\000o\000l\000a\000t\000i\000o\000n}{subsection.2.1}% 11
\BOOKMARK [3][-]{subsubsection.2.1.9}{\376\377\003\243\003\305\003\275\003\254\003\301\003\304\003\267\003\303\003\267\000\040\003\243\003\306\003\254\003\273\003\274\003\261\003\304\003\277\003\302}{subsection.2.1}% 12
\BOOKMARK [3][-]{subsubsection.2.1.10}{\376\377\003\223\003\301\003\261\003\274\003\274\003\271\003\272\003\277\003\300\003\277\003\257\003\267\003\303\003\267\000\040\003\272\003\261\003\271\000\040\003\225\003\300\003\257\003\273\003\305\003\303\003\267\000\040\000\050\000G\000a\000u\000s\000s\000-\000N\000e\000w\000t\000o\000n\000\040\000/\000\040\000L\000u\000c\000a\000s\000-\000K\000a\000n\000a\000d\000e\000\051}{subsection.2.1}% 13
\BOOKMARK [2][-]{subsection.2.2}{\376\377\003\245\003\273\003\277\003\300\003\277\003\257\003\267\003\303\003\267}{section.2}% 14
\BOOKMARK [3][-]{subsubsection.2.2.1}{\376\377\003\247\003\301\003\256\003\303\003\267\000\040\003\304\003\267\003\302\000\040\003\303\003\305\003\275\003\254\003\301\003\304\003\267\003\303\003\267\003\302\000\040\000e\000c\000c\000\137\000l\000k}{subsection.2.2}% 15
\BOOKMARK [3][-]{subsubsection.2.2.2}{\376\377\003\221\003\275\003\261\003\273\003\305\003\304\003\271\003\272\003\256\000\040\003\307\003\301\003\267\003\303\003\271\003\274\003\314\003\304\003\267\003\304\003\261\000\040\003\304\003\311\003\275\000\040\0004\000\040\000k\000e\000y\000\040\000f\000i\000l\000e\000s}{subsection.2.2}% 16
\BOOKMARK [3][-]{subsubsection.2.2.3}{\376\377\000H\000i\000g\000h\000\040\000v\000s\000\040\000L\000o\000w\000\040\003\223\003\265\003\311\003\274\003\265\003\304\003\301\003\271\003\272\003\255\003\302\000\040\003\240\003\261\003\301\003\261\003\274\003\277\003\301\003\306\003\316\003\303\003\265\003\271\003\302}{subsection.2.2}% 17
\BOOKMARK [3][-]{subsubsection.2.2.4}{\376\377\003\224\003\271\003\261\003\264\003\277\003\307\003\271\003\272\003\254\000\040\000f\000r\000a\000m\000e\000s\000\040\000\046\000\040\000P\000S\000N\000R\000\040\003\261\003\275\003\254\000\040\003\266\003\265\003\315\003\263\003\277\003\302}{subsection.2.2}% 18
\BOOKMARK [3][-]{subsubsection.2.2.5}{\376\377\003\246\003\311\003\304\003\277\003\274\003\265\003\304\003\301\003\271\003\272\003\255\003\302\000\040\003\240\003\261\003\301\003\261\003\274\003\277\003\301\003\306\003\316\003\303\003\265\003\271\003\302}{subsection.2.2}% 19
\BOOKMARK [3][-]{subsubsection.2.2.6}{\376\377\003\225\003\300\003\257\003\264\003\301\003\261\003\303\003\267\000\040\003\240\003\301\003\277\003\303\003\270\003\265\003\304\003\271\003\272\003\277\003\315\000\040\003\230\003\277\003\301\003\315\003\262\003\277\003\305\000\040\040\024\000\040\000M\000o\000n\000t\000e\000\040\000C\000a\000r\000l\000o}{subsection.2.2}% 20
\BOOKMARK [1][-]{section.3}{\376\377\003\234\003\255\003\301\003\277\003\302\000\040\003\222\000\040\040\023\000\040\000V\000i\000d\000e\000o\000\040\000P\000r\000o\000c\000e\000s\000s\000i\000n\000g}{}% 21
\BOOKMARK [2][-]{subsection.3.1}{\376\377\003\230\003\265\003\311\003\301\003\257\003\261}{section.3}% 22
\BOOKMARK [3][-]{subsubsection.3.1.1}{\376\377\003\221\003\300\003\265\003\271\003\272\003\314\003\275\003\271\003\303\003\267\000\040\003\225\003\271\003\272\003\314\003\275\003\261\003\302\000\040\003\272\003\261\003\271\000\040\003\221\003\272\003\277\003\273\003\277\003\305\003\270\003\257\003\261\003\302\000\040\003\225\003\271\003\272\003\314\003\275\003\311\003\275}{subsection.3.1}% 23
\BOOKMARK [3][-]{subsubsection.3.1.2}{\376\377\003\234\003\265\003\304\003\261\003\262\003\277\003\273\003\256\000\040\003\225\003\274\003\262\003\261\003\264\003\277\003\315\000\040\003\303\003\265\000\040\000A\000f\000f\000i\000n\000e}{subsection.3.1}% 24
\BOOKMARK [3][-]{subsubsection.3.1.3}{\376\377\000I\000n\000v\000e\000r\000s\000e\000\040\000W\000a\000r\000p\000i\000n\000g\000\040\003\272\003\261\003\271\000\040\003\240\003\261\003\301\003\265\003\274\003\262\003\277\003\273\003\256}{subsection.3.1}% 25
\BOOKMARK [3][-]{subsubsection.3.1.4}{\376\377\000C\000o\000r\000n\000e\000r\000\040\000D\000e\000t\000e\000c\000t\000i\000o\000n}{subsection.3.1}% 26
\BOOKMARK [3][-]{subsubsection.3.1.5}{\376\377\000C\000o\000r\000n\000e\000r\000\040\000M\000a\000t\000c\000h\000i\000n\000g}{subsection.3.1}% 27
\BOOKMARK [3][-]{subsubsection.3.1.6}{\376\377\003\225\003\272\003\304\003\257\003\274\003\267\003\303\003\267\000\040\003\223\003\265\003\311\003\274\003\265\003\304\003\301\003\271\003\272\003\277\003\315\000\040\003\234\003\265\003\304\003\261\003\303\003\307\003\267\003\274\003\261\003\304\003\271\003\303\003\274\003\277\003\315\000\040\003\261\003\300\003\314\000\040\003\221\003\275\003\304\003\271\003\303\003\304\003\277\003\271\003\307\003\257\003\303\003\265\003\271\003\302}{subsection.3.1}% 28
\BOOKMARK [3][-]{subsubsection.3.1.7}{\376\377\000R\000o\000b\000u\000s\000t\000\040\000E\000s\000t\000i\000m\000a\000t\000i\000o\000n}{subsection.3.1}% 29
\BOOKMARK [3][-]{subsubsection.3.1.8}{\376\377\000I\000m\000a\000g\000e\000\040\000S\000t\000i\000c\000h\000i\000n\000g}{subsection.3.1}% 30
